15:04:51 **** Incremental Build of configuration Debug for project P5_2_DEBOUNCE_UART ****
make -j8 all 
arm-none-eabi-gcc "../Src/main.c" -mcpu=cortex-m4 -std=gnu11 -g3 -DDEBUG -DUSE_HAL_DRIVER -DSTM32F411xE -c -I../Inc -I"/home/jonatan/FIUBA/uC/Practicas/P5_2_DEBOUNCE_UART/Drivers/CMSIS/Include" -I"/home/jonatan/FIUBA/uC/Practicas/P5_2_DEBOUNCE_UART/Drivers/CMSIS/Device/ST/STM32F4xx/Include" -I"/home/jonatan/FIUBA/uC/Practicas/P5_2_DEBOUNCE_UART/Drivers/BSP/STM32F4xx_BlackPill" -I"/home/jonatan/FIUBA/uC/Practicas/P5_2_DEBOUNCE_UART/Drivers/Core/Inc" -I"/home/jonatan/FIUBA/uC/Practicas/P5_2_DEBOUNCE_UART/Drivers/API/Inc" -I"/home/jonatan/FIUBA/uC/Practicas/P5_2_DEBOUNCE_UART/Drivers/API/Src" -I"/home/jonatan/FIUBA/uC/Practicas/P5_2_DEBOUNCE_UART/Drivers/STM32F4xx_HAL_Driver/Inc" -O0 -ffunction-sections -fdata-sections -Wall -fstack-usage -MMD -MP -MF"Src/main.d" -MT"Src/main.o" --specs=nano.specs -mfpu=fpv4-sp-d16 -mfloat-abi=hard -mthumb -o "Src/main.o"
arm-none-eabi-gcc "../Drivers/API/Src/API_debounce.c" -mcpu=cortex-m4 -std=gnu11 -g3 -DDEBUG -DUSE_HAL_DRIVER -DSTM32F411xE -c -I../Inc -I"/home/jonatan/FIUBA/uC/Practicas/P5_2_DEBOUNCE_UART/Drivers/CMSIS/Include" -I"/home/jonatan/FIUBA/uC/Practicas/P5_2_DEBOUNCE_UART/Drivers/CMSIS/Device/ST/STM32F4xx/Include" -I"/home/jonatan/FIUBA/uC/Practicas/P5_2_DEBOUNCE_UART/Drivers/BSP/STM32F4xx_BlackPill" -I"/home/jonatan/FIUBA/uC/Practicas/P5_2_DEBOUNCE_UART/Drivers/Core/Inc" -I"/home/jonatan/FIUBA/uC/Practicas/P5_2_DEBOUNCE_UART/Drivers/API/Inc" -I"/home/jonatan/FIUBA/uC/Practicas/P5_2_DEBOUNCE_UART/Drivers/API/Src" -I"/home/jonatan/FIUBA/uC/Practicas/P5_2_DEBOUNCE_UART/Drivers/STM32F4xx_HAL_Driver/Inc" -O0 -ffunction-sections -fdata-sections -Wall -fstack-usage -MMD -MP -MF"Drivers/API/Src/API_debounce.d" -MT"Drivers/API/Src/API_debounce.o" --specs=nano.specs -mfpu=fpv4-sp-d16 -mfloat-abi=hard -mthumb -o "Drivers/API/Src/API_debounce.o"
arm-none-eabi-gcc -o "P5_2_DEBOUNCE_UART.elf" @"objects.list"   -mcpu=cortex-m4 -T"/home/jonatan/FIUBA/uC/Practicas/P5_2_DEBOUNCE_UART/STM32F411CEUX_FLASH.ld" --specs=nosys.specs -Wl,-Map="P5_2_DEBOUNCE_UART.map" -Wl,--gc-sections -static --specs=nano.specs -mfpu=fpv4-sp-d16 -mfloat-abi=hard -mthumb -Wl,--start-group -lc -lm -Wl,--end-group
Finished building target: P5_2_DEBOUNCE_UART.elf
 
arm-none-eabi-size   P5_2_DEBOUNCE_UART.elf 
arm-none-eabi-objdump -h -S  P5_2_DEBOUNCE_UART.elf  > "P5_2_DEBOUNCE_UART.list"
arm-none-eabi-objcopy  -O ihex  P5_2_DEBOUNCE_UART.elf  "P5_2_DEBOUNCE_UART.hex"
   text	   data	    bss	    dec	    hex	filename
  12780	    188	   1684	  14652	   393c	P5_2_DEBOUNCE_UART.elf
Finished building: default.size.stdout
 
Finished building: P5_2_DEBOUNCE_UART.hex
 
Finished building: P5_2_DEBOUNCE_UART.list
 
