00:57:32 **** Build of configuration Debug for project P4_1 _FSM_DEBOUNCE ****
make -j8 all 
arm-none-eabi-gcc -mcpu=cortex-m4 -g3 -DDEBUG -c -I"/home/jonatan/FIUBA/uC/Practicas/P4_1 _FSM_DEBOUNCE/Drivers/API/Inc" -I"/home/jonatan/FIUBA/uC/Practicas/P4_1 _FSM_DEBOUNCE/Drivers/API/Src" -I"/home/jonatan/FIUBA/uC/Practicas/P4_1 _FSM_DEBOUNCE/Drivers/BSP/STM32F4xx_BlackPill" -I"/home/jonatan/FIUBA/uC/Practicas/P4_1 _FSM_DEBOUNCE/Drivers/Core/Inc" -I"/home/jonatan/FIUBA/uC/Practicas/P4_1 _FSM_DEBOUNCE/Drivers/CMSIS/Include" -I"/home/jonatan/FIUBA/uC/Practicas/P4_1 _FSM_DEBOUNCE/Drivers/CMSIS/Device/ST/STM32F4xx/Include" -I"/home/jonatan/FIUBA/uC/Practicas/P4_1 _FSM_DEBOUNCE/Drivers/STM32F4xx_HAL_Driver/Inc" -x assembler-with-cpp -MMD -MP -MF"Startup/startup_stm32f411ceux.d" -MT"Startup/startup_stm32f411ceux.o" --specs=nano.specs -mfpu=fpv4-sp-d16 -mfloat-abi=hard -mthumb -o "Startup/startup_stm32f411ceux.o" "../Startup/startup_stm32f411ceux.s"
arm-none-eabi-gcc "../Src/main.c" -mcpu=cortex-m4 -std=gnu11 -g3 -DDEBUG -DUSE_HAL_DRIVER -DSTM32F411xE -c -I../Inc -I"/home/jonatan/FIUBA/uC/Practicas/P4_1 _FSM_DEBOUNCE/Drivers/CMSIS/Include" -I"/home/jonatan/FIUBA/uC/Practicas/P4_1 _FSM_DEBOUNCE/Drivers/CMSIS/Device/ST/STM32F4xx/Include" -I"/home/jonatan/FIUBA/uC/Practicas/P4_1 _FSM_DEBOUNCE/Drivers/BSP/STM32F4xx_BlackPill" -I"/home/jonatan/FIUBA/uC/Practicas/P4_1 _FSM_DEBOUNCE/Drivers/Core/Inc" -I"/home/jonatan/FIUBA/uC/Practicas/P4_1 _FSM_DEBOUNCE/Drivers/API/Inc" -I"/home/jonatan/FIUBA/uC/Practicas/P4_1 _FSM_DEBOUNCE/Drivers/API/Src" -I"/home/jonatan/FIUBA/uC/Practicas/P4_1 _FSM_DEBOUNCE/Drivers/STM32F4xx_HAL_Driver/Inc" -O0 -ffunction-sections -fdata-sections -Wall -fstack-usage -MMD -MP -MF"Src/main.d" -MT"Src/main.o" --specs=nano.specs -mfpu=fpv4-sp-d16 -mfloat-abi=hard -mthumb -o "Src/main.o"
arm-none-eabi-gcc "../Drivers/STM32F4xx_HAL_Driver/Src/stm32f4xx_hal.c" -mcpu=cortex-m4 -std=gnu11 -g3 -DDEBUG -DUSE_HAL_DRIVER -DSTM32F411xE -c -I../Inc -I"/home/jonatan/FIUBA/uC/Practicas/P4_1 _FSM_DEBOUNCE/Drivers/CMSIS/Include" -I"/home/jonatan/FIUBA/uC/Practicas/P4_1 _FSM_DEBOUNCE/Drivers/CMSIS/Device/ST/STM32F4xx/Include" -I"/home/jonatan/FIUBA/uC/Practicas/P4_1 _FSM_DEBOUNCE/Drivers/BSP/STM32F4xx_BlackPill" -I"/home/jonatan/FIUBA/uC/Practicas/P4_1 _FSM_DEBOUNCE/Drivers/Core/Inc" -I"/home/jonatan/FIUBA/uC/Practicas/P4_1 _FSM_DEBOUNCE/Drivers/API/Inc" -I"/home/jonatan/FIUBA/uC/Practicas/P4_1 _FSM_DEBOUNCE/Drivers/API/Src" -I"/home/jonatan/FIUBA/uC/Practicas/P4_1 _FSM_DEBOUNCE/Drivers/STM32F4xx_HAL_Driver/Inc" -O0 -ffunction-sections -fdata-sections -Wall -fstack-usage -MMD -MP -MF"Drivers/STM32F4xx_HAL_Driver/Src/stm32f4xx_hal.d" -MT"Drivers/STM32F4xx_HAL_Driver/Src/stm32f4xx_hal.o" --specs=nano.specs -mfpu=fpv4-sp-d16 -mfloat-abi=hard -mthumb -o "Drivers/STM32F4xx_HAL_Driver/Src/stm32f4xx_hal.o"
arm-none-eabi-gcc "../Drivers/STM32F4xx_HAL_Driver/Src/stm32f4xx_hal_cortex.c" -mcpu=cortex-m4 -std=gnu11 -g3 -DDEBUG -DUSE_HAL_DRIVER -DSTM32F411xE -c -I../Inc -I"/home/jonatan/FIUBA/uC/Practicas/P4_1 _FSM_DEBOUNCE/Drivers/CMSIS/Include" -I"/home/jonatan/FIUBA/uC/Practicas/P4_1 _FSM_DEBOUNCE/Drivers/CMSIS/Device/ST/STM32F4xx/Include" -I"/home/jonatan/FIUBA/uC/Practicas/P4_1 _FSM_DEBOUNCE/Drivers/BSP/STM32F4xx_BlackPill" -I"/home/jonatan/FIUBA/uC/Practicas/P4_1 _FSM_DEBOUNCE/Drivers/Core/Inc" -I"/home/jonatan/FIUBA/uC/Practicas/P4_1 _FSM_DEBOUNCE/Drivers/API/Inc" -I"/home/jonatan/FIUBA/uC/Practicas/P4_1 _FSM_DEBOUNCE/Drivers/API/Src" -I"/home/jonatan/FIUBA/uC/Practicas/P4_1 _FSM_DEBOUNCE/Drivers/STM32F4xx_HAL_Driver/Inc" -O0 -ffunction-sections -fdata-sections -Wall -fstack-usage -MMD -MP -MF"Drivers/STM32F4xx_HAL_Driver/Src/stm32f4xx_hal_cortex.d" -MT"Drivers/STM32F4xx_HAL_Driver/Src/stm32f4xx_hal_cortex.o" --specs=nano.specs -mfpu=fpv4-sp-d16 -mfloat-abi=hard -mthumb -o "Drivers/STM32F4xx_HAL_Driver/Src/stm32f4xx_hal_cortex.o"
arm-none-eabi-gcc "../Drivers/STM32F4xx_HAL_Driver/Src/stm32f4xx_hal_dma.c" -mcpu=cortex-m4 -std=gnu11 -g3 -DDEBUG -DUSE_HAL_DRIVER -DSTM32F411xE -c -I../Inc -I"/home/jonatan/FIUBA/uC/Practicas/P4_1 _FSM_DEBOUNCE/Drivers/CMSIS/Include" -I"/home/jonatan/FIUBA/uC/Practicas/P4_1 _FSM_DEBOUNCE/Drivers/CMSIS/Device/ST/STM32F4xx/Include" -I"/home/jonatan/FIUBA/uC/Practicas/P4_1 _FSM_DEBOUNCE/Drivers/BSP/STM32F4xx_BlackPill" -I"/home/jonatan/FIUBA/uC/Practicas/P4_1 _FSM_DEBOUNCE/Drivers/Core/Inc" -I"/home/jonatan/FIUBA/uC/Practicas/P4_1 _FSM_DEBOUNCE/Drivers/API/Inc" -I"/home/jonatan/FIUBA/uC/Practicas/P4_1 _FSM_DEBOUNCE/Drivers/API/Src" -I"/home/jonatan/FIUBA/uC/Practicas/P4_1 _FSM_DEBOUNCE/Drivers/STM32F4xx_HAL_Driver/Inc" -O0 -ffunction-sections -fdata-sections -Wall -fstack-usage -MMD -MP -MF"Drivers/STM32F4xx_HAL_Driver/Src/stm32f4xx_hal_dma.d" -MT"Drivers/STM32F4xx_HAL_Driver/Src/stm32f4xx_hal_dma.o" --specs=nano.specs -mfpu=fpv4-sp-d16 -mfloat-abi=hard -mthumb -o "Drivers/STM32F4xx_HAL_Driver/Src/stm32f4xx_hal_dma.o"
arm-none-eabi-gcc "../Drivers/STM32F4xx_HAL_Driver/Src/stm32f4xx_hal_dma_ex.c" -mcpu=cortex-m4 -std=gnu11 -g3 -DDEBUG -DUSE_HAL_DRIVER -DSTM32F411xE -c -I../Inc -I"/home/jonatan/FIUBA/uC/Practicas/P4_1 _FSM_DEBOUNCE/Drivers/CMSIS/Include" -I"/home/jonatan/FIUBA/uC/Practicas/P4_1 _FSM_DEBOUNCE/Drivers/CMSIS/Device/ST/STM32F4xx/Include" -I"/home/jonatan/FIUBA/uC/Practicas/P4_1 _FSM_DEBOUNCE/Drivers/BSP/STM32F4xx_BlackPill" -I"/home/jonatan/FIUBA/uC/Practicas/P4_1 _FSM_DEBOUNCE/Drivers/Core/Inc" -I"/home/jonatan/FIUBA/uC/Practicas/P4_1 _FSM_DEBOUNCE/Drivers/API/Inc" -I"/home/jonatan/FIUBA/uC/Practicas/P4_1 _FSM_DEBOUNCE/Drivers/API/Src" -I"/home/jonatan/FIUBA/uC/Practicas/P4_1 _FSM_DEBOUNCE/Drivers/STM32F4xx_HAL_Driver/Inc" -O0 -ffunction-sections -fdata-sections -Wall -fstack-usage -MMD -MP -MF"Drivers/STM32F4xx_HAL_Driver/Src/stm32f4xx_hal_dma_ex.d" -MT"Drivers/STM32F4xx_HAL_Driver/Src/stm32f4xx_hal_dma_ex.o" --specs=nano.specs -mfpu=fpv4-sp-d16 -mfloat-abi=hard -mthumb -o "Drivers/STM32F4xx_HAL_Driver/Src/stm32f4xx_hal_dma_ex.o"
arm-none-eabi-gcc "../Drivers/STM32F4xx_HAL_Driver/Src/stm32f4xx_hal_exti.c" -mcpu=cortex-m4 -std=gnu11 -g3 -DDEBUG -DUSE_HAL_DRIVER -DSTM32F411xE -c -I../Inc -I"/home/jonatan/FIUBA/uC/Practicas/P4_1 _FSM_DEBOUNCE/Drivers/CMSIS/Include" -I"/home/jonatan/FIUBA/uC/Practicas/P4_1 _FSM_DEBOUNCE/Drivers/CMSIS/Device/ST/STM32F4xx/Include" -I"/home/jonatan/FIUBA/uC/Practicas/P4_1 _FSM_DEBOUNCE/Drivers/BSP/STM32F4xx_BlackPill" -I"/home/jonatan/FIUBA/uC/Practicas/P4_1 _FSM_DEBOUNCE/Drivers/Core/Inc" -I"/home/jonatan/FIUBA/uC/Practicas/P4_1 _FSM_DEBOUNCE/Drivers/API/Inc" -I"/home/jonatan/FIUBA/uC/Practicas/P4_1 _FSM_DEBOUNCE/Drivers/API/Src" -I"/home/jonatan/FIUBA/uC/Practicas/P4_1 _FSM_DEBOUNCE/Drivers/STM32F4xx_HAL_Driver/Inc" -O0 -ffunction-sections -fdata-sections -Wall -fstack-usage -MMD -MP -MF"Drivers/STM32F4xx_HAL_Driver/Src/stm32f4xx_hal_exti.d" -MT"Drivers/STM32F4xx_HAL_Driver/Src/stm32f4xx_hal_exti.o" --specs=nano.specs -mfpu=fpv4-sp-d16 -mfloat-abi=hard -mthumb -o "Drivers/STM32F4xx_HAL_Driver/Src/stm32f4xx_hal_exti.o"
arm-none-eabi-gcc "../Drivers/STM32F4xx_HAL_Driver/Src/stm32f4xx_hal_flash.c" -mcpu=cortex-m4 -std=gnu11 -g3 -DDEBUG -DUSE_HAL_DRIVER -DSTM32F411xE -c -I../Inc -I"/home/jonatan/FIUBA/uC/Practicas/P4_1 _FSM_DEBOUNCE/Drivers/CMSIS/Include" -I"/home/jonatan/FIUBA/uC/Practicas/P4_1 _FSM_DEBOUNCE/Drivers/CMSIS/Device/ST/STM32F4xx/Include" -I"/home/jonatan/FIUBA/uC/Practicas/P4_1 _FSM_DEBOUNCE/Drivers/BSP/STM32F4xx_BlackPill" -I"/home/jonatan/FIUBA/uC/Practicas/P4_1 _FSM_DEBOUNCE/Drivers/Core/Inc" -I"/home/jonatan/FIUBA/uC/Practicas/P4_1 _FSM_DEBOUNCE/Drivers/API/Inc" -I"/home/jonatan/FIUBA/uC/Practicas/P4_1 _FSM_DEBOUNCE/Drivers/API/Src" -I"/home/jonatan/FIUBA/uC/Practicas/P4_1 _FSM_DEBOUNCE/Drivers/STM32F4xx_HAL_Driver/Inc" -O0 -ffunction-sections -fdata-sections -Wall -fstack-usage -MMD -MP -MF"Drivers/STM32F4xx_HAL_Driver/Src/stm32f4xx_hal_flash.d" -MT"Drivers/STM32F4xx_HAL_Driver/Src/stm32f4xx_hal_flash.o" --specs=nano.specs -mfpu=fpv4-sp-d16 -mfloat-abi=hard -mthumb -o "Drivers/STM32F4xx_HAL_Driver/Src/stm32f4xx_hal_flash.o"
arm-none-eabi-gcc "../Drivers/STM32F4xx_HAL_Driver/Src/stm32f4xx_hal_flash_ex.c" -mcpu=cortex-m4 -std=gnu11 -g3 -DDEBUG -DUSE_HAL_DRIVER -DSTM32F411xE -c -I../Inc -I"/home/jonatan/FIUBA/uC/Practicas/P4_1 _FSM_DEBOUNCE/Drivers/CMSIS/Include" -I"/home/jonatan/FIUBA/uC/Practicas/P4_1 _FSM_DEBOUNCE/Drivers/CMSIS/Device/ST/STM32F4xx/Include" -I"/home/jonatan/FIUBA/uC/Practicas/P4_1 _FSM_DEBOUNCE/Drivers/BSP/STM32F4xx_BlackPill" -I"/home/jonatan/FIUBA/uC/Practicas/P4_1 _FSM_DEBOUNCE/Drivers/Core/Inc" -I"/home/jonatan/FIUBA/uC/Practicas/P4_1 _FSM_DEBOUNCE/Drivers/API/Inc" -I"/home/jonatan/FIUBA/uC/Practicas/P4_1 _FSM_DEBOUNCE/Drivers/API/Src" -I"/home/jonatan/FIUBA/uC/Practicas/P4_1 _FSM_DEBOUNCE/Drivers/STM32F4xx_HAL_Driver/Inc" -O0 -ffunction-sections -fdata-sections -Wall -fstack-usage -MMD -MP -MF"Drivers/STM32F4xx_HAL_Driver/Src/stm32f4xx_hal_flash_ex.d" -MT"Drivers/STM32F4xx_HAL_Driver/Src/stm32f4xx_hal_flash_ex.o" --specs=nano.specs -mfpu=fpv4-sp-d16 -mfloat-abi=hard -mthumb -o "Drivers/STM32F4xx_HAL_Driver/Src/stm32f4xx_hal_flash_ex.o"
arm-none-eabi-gcc "../Drivers/STM32F4xx_HAL_Driver/Src/stm32f4xx_hal_flash_ramfunc.c" -mcpu=cortex-m4 -std=gnu11 -g3 -DDEBUG -DUSE_HAL_DRIVER -DSTM32F411xE -c -I../Inc -I"/home/jonatan/FIUBA/uC/Practicas/P4_1 _FSM_DEBOUNCE/Drivers/CMSIS/Include" -I"/home/jonatan/FIUBA/uC/Practicas/P4_1 _FSM_DEBOUNCE/Drivers/CMSIS/Device/ST/STM32F4xx/Include" -I"/home/jonatan/FIUBA/uC/Practicas/P4_1 _FSM_DEBOUNCE/Drivers/BSP/STM32F4xx_BlackPill" -I"/home/jonatan/FIUBA/uC/Practicas/P4_1 _FSM_DEBOUNCE/Drivers/Core/Inc" -I"/home/jonatan/FIUBA/uC/Practicas/P4_1 _FSM_DEBOUNCE/Drivers/API/Inc" -I"/home/jonatan/FIUBA/uC/Practicas/P4_1 _FSM_DEBOUNCE/Drivers/API/Src" -I"/home/jonatan/FIUBA/uC/Practicas/P4_1 _FSM_DEBOUNCE/Drivers/STM32F4xx_HAL_Driver/Inc" -O0 -ffunction-sections -fdata-sections -Wall -fstack-usage -MMD -MP -MF"Drivers/STM32F4xx_HAL_Driver/Src/stm32f4xx_hal_flash_ramfunc.d" -MT"Drivers/STM32F4xx_HAL_Driver/Src/stm32f4xx_hal_flash_ramfunc.o" --specs=nano.specs -mfpu=fpv4-sp-d16 -mfloat-abi=hard -mthumb -o "Drivers/STM32F4xx_HAL_Driver/Src/stm32f4xx_hal_flash_ramfunc.o"
arm-none-eabi-gcc "../Drivers/STM32F4xx_HAL_Driver/Src/stm32f4xx_hal_gpio.c" -mcpu=cortex-m4 -std=gnu11 -g3 -DDEBUG -DUSE_HAL_DRIVER -DSTM32F411xE -c -I../Inc -I"/home/jonatan/FIUBA/uC/Practicas/P4_1 _FSM_DEBOUNCE/Drivers/CMSIS/Include" -I"/home/jonatan/FIUBA/uC/Practicas/P4_1 _FSM_DEBOUNCE/Drivers/CMSIS/Device/ST/STM32F4xx/Include" -I"/home/jonatan/FIUBA/uC/Practicas/P4_1 _FSM_DEBOUNCE/Drivers/BSP/STM32F4xx_BlackPill" -I"/home/jonatan/FIUBA/uC/Practicas/P4_1 _FSM_DEBOUNCE/Drivers/Core/Inc" -I"/home/jonatan/FIUBA/uC/Practicas/P4_1 _FSM_DEBOUNCE/Drivers/API/Inc" -I"/home/jonatan/FIUBA/uC/Practicas/P4_1 _FSM_DEBOUNCE/Drivers/API/Src" -I"/home/jonatan/FIUBA/uC/Practicas/P4_1 _FSM_DEBOUNCE/Drivers/STM32F4xx_HAL_Driver/Inc" -O0 -ffunction-sections -fdata-sections -Wall -fstack-usage -MMD -MP -MF"Drivers/STM32F4xx_HAL_Driver/Src/stm32f4xx_hal_gpio.d" -MT"Drivers/STM32F4xx_HAL_Driver/Src/stm32f4xx_hal_gpio.o" --specs=nano.specs -mfpu=fpv4-sp-d16 -mfloat-abi=hard -mthumb -o "Drivers/STM32F4xx_HAL_Driver/Src/stm32f4xx_hal_gpio.o"
arm-none-eabi-gcc "../Drivers/STM32F4xx_HAL_Driver/Src/stm32f4xx_hal_msp.c" -mcpu=cortex-m4 -std=gnu11 -g3 -DDEBUG -DUSE_HAL_DRIVER -DSTM32F411xE -c -I../Inc -I"/home/jonatan/FIUBA/uC/Practicas/P4_1 _FSM_DEBOUNCE/Drivers/CMSIS/Include" -I"/home/jonatan/FIUBA/uC/Practicas/P4_1 _FSM_DEBOUNCE/Drivers/CMSIS/Device/ST/STM32F4xx/Include" -I"/home/jonatan/FIUBA/uC/Practicas/P4_1 _FSM_DEBOUNCE/Drivers/BSP/STM32F4xx_BlackPill" -I"/home/jonatan/FIUBA/uC/Practicas/P4_1 _FSM_DEBOUNCE/Drivers/Core/Inc" -I"/home/jonatan/FIUBA/uC/Practicas/P4_1 _FSM_DEBOUNCE/Drivers/API/Inc" -I"/home/jonatan/FIUBA/uC/Practicas/P4_1 _FSM_DEBOUNCE/Drivers/API/Src" -I"/home/jonatan/FIUBA/uC/Practicas/P4_1 _FSM_DEBOUNCE/Drivers/STM32F4xx_HAL_Driver/Inc" -O0 -ffunction-sections -fdata-sections -Wall -fstack-usage -MMD -MP -MF"Drivers/STM32F4xx_HAL_Driver/Src/stm32f4xx_hal_msp.d" -MT"Drivers/STM32F4xx_HAL_Driver/Src/stm32f4xx_hal_msp.o" --specs=nano.specs -mfpu=fpv4-sp-d16 -mfloat-abi=hard -mthumb -o "Drivers/STM32F4xx_HAL_Driver/Src/stm32f4xx_hal_msp.o"
arm-none-eabi-gcc "../Drivers/STM32F4xx_HAL_Driver/Src/stm32f4xx_hal_pwr.c" -mcpu=cortex-m4 -std=gnu11 -g3 -DDEBUG -DUSE_HAL_DRIVER -DSTM32F411xE -c -I../Inc -I"/home/jonatan/FIUBA/uC/Practicas/P4_1 _FSM_DEBOUNCE/Drivers/CMSIS/Include" -I"/home/jonatan/FIUBA/uC/Practicas/P4_1 _FSM_DEBOUNCE/Drivers/CMSIS/Device/ST/STM32F4xx/Include" -I"/home/jonatan/FIUBA/uC/Practicas/P4_1 _FSM_DEBOUNCE/Drivers/BSP/STM32F4xx_BlackPill" -I"/home/jonatan/FIUBA/uC/Practicas/P4_1 _FSM_DEBOUNCE/Drivers/Core/Inc" -I"/home/jonatan/FIUBA/uC/Practicas/P4_1 _FSM_DEBOUNCE/Drivers/API/Inc" -I"/home/jonatan/FIUBA/uC/Practicas/P4_1 _FSM_DEBOUNCE/Drivers/API/Src" -I"/home/jonatan/FIUBA/uC/Practicas/P4_1 _FSM_DEBOUNCE/Drivers/STM32F4xx_HAL_Driver/Inc" -O0 -ffunction-sections -fdata-sections -Wall -fstack-usage -MMD -MP -MF"Drivers/STM32F4xx_HAL_Driver/Src/stm32f4xx_hal_pwr.d" -MT"Drivers/STM32F4xx_HAL_Driver/Src/stm32f4xx_hal_pwr.o" --specs=nano.specs -mfpu=fpv4-sp-d16 -mfloat-abi=hard -mthumb -o "Drivers/STM32F4xx_HAL_Driver/Src/stm32f4xx_hal_pwr.o"
arm-none-eabi-gcc "../Drivers/STM32F4xx_HAL_Driver/Src/stm32f4xx_hal_pwr_ex.c" -mcpu=cortex-m4 -std=gnu11 -g3 -DDEBUG -DUSE_HAL_DRIVER -DSTM32F411xE -c -I../Inc -I"/home/jonatan/FIUBA/uC/Practicas/P4_1 _FSM_DEBOUNCE/Drivers/CMSIS/Include" -I"/home/jonatan/FIUBA/uC/Practicas/P4_1 _FSM_DEBOUNCE/Drivers/CMSIS/Device/ST/STM32F4xx/Include" -I"/home/jonatan/FIUBA/uC/Practicas/P4_1 _FSM_DEBOUNCE/Drivers/BSP/STM32F4xx_BlackPill" -I"/home/jonatan/FIUBA/uC/Practicas/P4_1 _FSM_DEBOUNCE/Drivers/Core/Inc" -I"/home/jonatan/FIUBA/uC/Practicas/P4_1 _FSM_DEBOUNCE/Drivers/API/Inc" -I"/home/jonatan/FIUBA/uC/Practicas/P4_1 _FSM_DEBOUNCE/Drivers/API/Src" -I"/home/jonatan/FIUBA/uC/Practicas/P4_1 _FSM_DEBOUNCE/Drivers/STM32F4xx_HAL_Driver/Inc" -O0 -ffunction-sections -fdata-sections -Wall -fstack-usage -MMD -MP -MF"Drivers/STM32F4xx_HAL_Driver/Src/stm32f4xx_hal_pwr_ex.d" -MT"Drivers/STM32F4xx_HAL_Driver/Src/stm32f4xx_hal_pwr_ex.o" --specs=nano.specs -mfpu=fpv4-sp-d16 -mfloat-abi=hard -mthumb -o "Drivers/STM32F4xx_HAL_Driver/Src/stm32f4xx_hal_pwr_ex.o"
arm-none-eabi-gcc "../Drivers/STM32F4xx_HAL_Driver/Src/stm32f4xx_hal_rcc.c" -mcpu=cortex-m4 -std=gnu11 -g3 -DDEBUG -DUSE_HAL_DRIVER -DSTM32F411xE -c -I../Inc -I"/home/jonatan/FIUBA/uC/Practicas/P4_1 _FSM_DEBOUNCE/Drivers/CMSIS/Include" -I"/home/jonatan/FIUBA/uC/Practicas/P4_1 _FSM_DEBOUNCE/Drivers/CMSIS/Device/ST/STM32F4xx/Include" -I"/home/jonatan/FIUBA/uC/Practicas/P4_1 _FSM_DEBOUNCE/Drivers/BSP/STM32F4xx_BlackPill" -I"/home/jonatan/FIUBA/uC/Practicas/P4_1 _FSM_DEBOUNCE/Drivers/Core/Inc" -I"/home/jonatan/FIUBA/uC/Practicas/P4_1 _FSM_DEBOUNCE/Drivers/API/Inc" -I"/home/jonatan/FIUBA/uC/Practicas/P4_1 _FSM_DEBOUNCE/Drivers/API/Src" -I"/home/jonatan/FIUBA/uC/Practicas/P4_1 _FSM_DEBOUNCE/Drivers/STM32F4xx_HAL_Driver/Inc" -O0 -ffunction-sections -fdata-sections -Wall -fstack-usage -MMD -MP -MF"Drivers/STM32F4xx_HAL_Driver/Src/stm32f4xx_hal_rcc.d" -MT"Drivers/STM32F4xx_HAL_Driver/Src/stm32f4xx_hal_rcc.o" --specs=nano.specs -mfpu=fpv4-sp-d16 -mfloat-abi=hard -mthumb -o "Drivers/STM32F4xx_HAL_Driver/Src/stm32f4xx_hal_rcc.o"
arm-none-eabi-gcc "../Drivers/STM32F4xx_HAL_Driver/Src/stm32f4xx_hal_rcc_ex.c" -mcpu=cortex-m4 -std=gnu11 -g3 -DDEBUG -DUSE_HAL_DRIVER -DSTM32F411xE -c -I../Inc -I"/home/jonatan/FIUBA/uC/Practicas/P4_1 _FSM_DEBOUNCE/Drivers/CMSIS/Include" -I"/home/jonatan/FIUBA/uC/Practicas/P4_1 _FSM_DEBOUNCE/Drivers/CMSIS/Device/ST/STM32F4xx/Include" -I"/home/jonatan/FIUBA/uC/Practicas/P4_1 _FSM_DEBOUNCE/Drivers/BSP/STM32F4xx_BlackPill" -I"/home/jonatan/FIUBA/uC/Practicas/P4_1 _FSM_DEBOUNCE/Drivers/Core/Inc" -I"/home/jonatan/FIUBA/uC/Practicas/P4_1 _FSM_DEBOUNCE/Drivers/API/Inc" -I"/home/jonatan/FIUBA/uC/Practicas/P4_1 _FSM_DEBOUNCE/Drivers/API/Src" -I"/home/jonatan/FIUBA/uC/Practicas/P4_1 _FSM_DEBOUNCE/Drivers/STM32F4xx_HAL_Driver/Inc" -O0 -ffunction-sections -fdata-sections -Wall -fstack-usage -MMD -MP -MF"Drivers/STM32F4xx_HAL_Driver/Src/stm32f4xx_hal_rcc_ex.d" -MT"Drivers/STM32F4xx_HAL_Driver/Src/stm32f4xx_hal_rcc_ex.o" --specs=nano.specs -mfpu=fpv4-sp-d16 -mfloat-abi=hard -mthumb -o "Drivers/STM32F4xx_HAL_Driver/Src/stm32f4xx_hal_rcc_ex.o"
arm-none-eabi-gcc "../Drivers/STM32F4xx_HAL_Driver/Src/stm32f4xx_hal_tim.c" -mcpu=cortex-m4 -std=gnu11 -g3 -DDEBUG -DUSE_HAL_DRIVER -DSTM32F411xE -c -I../Inc -I"/home/jonatan/FIUBA/uC/Practicas/P4_1 _FSM_DEBOUNCE/Drivers/CMSIS/Include" -I"/home/jonatan/FIUBA/uC/Practicas/P4_1 _FSM_DEBOUNCE/Drivers/CMSIS/Device/ST/STM32F4xx/Include" -I"/home/jonatan/FIUBA/uC/Practicas/P4_1 _FSM_DEBOUNCE/Drivers/BSP/STM32F4xx_BlackPill" -I"/home/jonatan/FIUBA/uC/Practicas/P4_1 _FSM_DEBOUNCE/Drivers/Core/Inc" -I"/home/jonatan/FIUBA/uC/Practicas/P4_1 _FSM_DEBOUNCE/Drivers/API/Inc" -I"/home/jonatan/FIUBA/uC/Practicas/P4_1 _FSM_DEBOUNCE/Drivers/API/Src" -I"/home/jonatan/FIUBA/uC/Practicas/P4_1 _FSM_DEBOUNCE/Drivers/STM32F4xx_HAL_Driver/Inc" -O0 -ffunction-sections -fdata-sections -Wall -fstack-usage -MMD -MP -MF"Drivers/STM32F4xx_HAL_Driver/Src/stm32f4xx_hal_tim.d" -MT"Drivers/STM32F4xx_HAL_Driver/Src/stm32f4xx_hal_tim.o" --specs=nano.specs -mfpu=fpv4-sp-d16 -mfloat-abi=hard -mthumb -o "Drivers/STM32F4xx_HAL_Driver/Src/stm32f4xx_hal_tim.o"
arm-none-eabi-gcc "../Drivers/STM32F4xx_HAL_Driver/Src/stm32f4xx_hal_tim_ex.c" -mcpu=cortex-m4 -std=gnu11 -g3 -DDEBUG -DUSE_HAL_DRIVER -DSTM32F411xE -c -I../Inc -I"/home/jonatan/FIUBA/uC/Practicas/P4_1 _FSM_DEBOUNCE/Drivers/CMSIS/Include" -I"/home/jonatan/FIUBA/uC/Practicas/P4_1 _FSM_DEBOUNCE/Drivers/CMSIS/Device/ST/STM32F4xx/Include" -I"/home/jonatan/FIUBA/uC/Practicas/P4_1 _FSM_DEBOUNCE/Drivers/BSP/STM32F4xx_BlackPill" -I"/home/jonatan/FIUBA/uC/Practicas/P4_1 _FSM_DEBOUNCE/Drivers/Core/Inc" -I"/home/jonatan/FIUBA/uC/Practicas/P4_1 _FSM_DEBOUNCE/Drivers/API/Inc" -I"/home/jonatan/FIUBA/uC/Practicas/P4_1 _FSM_DEBOUNCE/Drivers/API/Src" -I"/home/jonatan/FIUBA/uC/Practicas/P4_1 _FSM_DEBOUNCE/Drivers/STM32F4xx_HAL_Driver/Inc" -O0 -ffunction-sections -fdata-sections -Wall -fstack-usage -MMD -MP -MF"Drivers/STM32F4xx_HAL_Driver/Src/stm32f4xx_hal_tim_ex.d" -MT"Drivers/STM32F4xx_HAL_Driver/Src/stm32f4xx_hal_tim_ex.o" --specs=nano.specs -mfpu=fpv4-sp-d16 -mfloat-abi=hard -mthumb -o "Drivers/STM32F4xx_HAL_Driver/Src/stm32f4xx_hal_tim_ex.o"
arm-none-eabi-gcc "../Drivers/Core/Src/stm32f4xx_it.c" -mcpu=cortex-m4 -std=gnu11 -g3 -DDEBUG -DUSE_HAL_DRIVER -DSTM32F411xE -c -I../Inc -I"/home/jonatan/FIUBA/uC/Practicas/P4_1 _FSM_DEBOUNCE/Drivers/CMSIS/Include" -I"/home/jonatan/FIUBA/uC/Practicas/P4_1 _FSM_DEBOUNCE/Drivers/CMSIS/Device/ST/STM32F4xx/Include" -I"/home/jonatan/FIUBA/uC/Practicas/P4_1 _FSM_DEBOUNCE/Drivers/BSP/STM32F4xx_BlackPill" -I"/home/jonatan/FIUBA/uC/Practicas/P4_1 _FSM_DEBOUNCE/Drivers/Core/Inc" -I"/home/jonatan/FIUBA/uC/Practicas/P4_1 _FSM_DEBOUNCE/Drivers/API/Inc" -I"/home/jonatan/FIUBA/uC/Practicas/P4_1 _FSM_DEBOUNCE/Drivers/API/Src" -I"/home/jonatan/FIUBA/uC/Practicas/P4_1 _FSM_DEBOUNCE/Drivers/STM32F4xx_HAL_Driver/Inc" -O0 -ffunction-sections -fdata-sections -Wall -fstack-usage -MMD -MP -MF"Drivers/Core/Src/stm32f4xx_it.d" -MT"Drivers/Core/Src/stm32f4xx_it.o" --specs=nano.specs -mfpu=fpv4-sp-d16 -mfloat-abi=hard -mthumb -o "Drivers/Core/Src/stm32f4xx_it.o"
arm-none-eabi-gcc "../Drivers/Core/Src/syscalls.c" -mcpu=cortex-m4 -std=gnu11 -g3 -DDEBUG -DUSE_HAL_DRIVER -DSTM32F411xE -c -I../Inc -I"/home/jonatan/FIUBA/uC/Practicas/P4_1 _FSM_DEBOUNCE/Drivers/CMSIS/Include" -I"/home/jonatan/FIUBA/uC/Practicas/P4_1 _FSM_DEBOUNCE/Drivers/CMSIS/Device/ST/STM32F4xx/Include" -I"/home/jonatan/FIUBA/uC/Practicas/P4_1 _FSM_DEBOUNCE/Drivers/BSP/STM32F4xx_BlackPill" -I"/home/jonatan/FIUBA/uC/Practicas/P4_1 _FSM_DEBOUNCE/Drivers/Core/Inc" -I"/home/jonatan/FIUBA/uC/Practicas/P4_1 _FSM_DEBOUNCE/Drivers/API/Inc" -I"/home/jonatan/FIUBA/uC/Practicas/P4_1 _FSM_DEBOUNCE/Drivers/API/Src" -I"/home/jonatan/FIUBA/uC/Practicas/P4_1 _FSM_DEBOUNCE/Drivers/STM32F4xx_HAL_Driver/Inc" -O0 -ffunction-sections -fdata-sections -Wall -fstack-usage -MMD -MP -MF"Drivers/Core/Src/syscalls.d" -MT"Drivers/Core/Src/syscalls.o" --specs=nano.specs -mfpu=fpv4-sp-d16 -mfloat-abi=hard -mthumb -o "Drivers/Core/Src/syscalls.o"
arm-none-eabi-gcc "../Drivers/Core/Src/sysmem.c" -mcpu=cortex-m4 -std=gnu11 -g3 -DDEBUG -DUSE_HAL_DRIVER -DSTM32F411xE -c -I../Inc -I"/home/jonatan/FIUBA/uC/Practicas/P4_1 _FSM_DEBOUNCE/Drivers/CMSIS/Include" -I"/home/jonatan/FIUBA/uC/Practicas/P4_1 _FSM_DEBOUNCE/Drivers/CMSIS/Device/ST/STM32F4xx/Include" -I"/home/jonatan/FIUBA/uC/Practicas/P4_1 _FSM_DEBOUNCE/Drivers/BSP/STM32F4xx_BlackPill" -I"/home/jonatan/FIUBA/uC/Practicas/P4_1 _FSM_DEBOUNCE/Drivers/Core/Inc" -I"/home/jonatan/FIUBA/uC/Practicas/P4_1 _FSM_DEBOUNCE/Drivers/API/Inc" -I"/home/jonatan/FIUBA/uC/Practicas/P4_1 _FSM_DEBOUNCE/Drivers/API/Src" -I"/home/jonatan/FIUBA/uC/Practicas/P4_1 _FSM_DEBOUNCE/Drivers/STM32F4xx_HAL_Driver/Inc" -O0 -ffunction-sections -fdata-sections -Wall -fstack-usage -MMD -MP -MF"Drivers/Core/Src/sysmem.d" -MT"Drivers/Core/Src/sysmem.o" --specs=nano.specs -mfpu=fpv4-sp-d16 -mfloat-abi=hard -mthumb -o "Drivers/Core/Src/sysmem.o"
arm-none-eabi-gcc "../Drivers/CMSIS/system_stm32f4xx.c" -mcpu=cortex-m4 -std=gnu11 -g3 -DDEBUG -DUSE_HAL_DRIVER -DSTM32F411xE -c -I../Inc -I"/home/jonatan/FIUBA/uC/Practicas/P4_1 _FSM_DEBOUNCE/Drivers/CMSIS/Include" -I"/home/jonatan/FIUBA/uC/Practicas/P4_1 _FSM_DEBOUNCE/Drivers/CMSIS/Device/ST/STM32F4xx/Include" -I"/home/jonatan/FIUBA/uC/Practicas/P4_1 _FSM_DEBOUNCE/Drivers/BSP/STM32F4xx_BlackPill" -I"/home/jonatan/FIUBA/uC/Practicas/P4_1 _FSM_DEBOUNCE/Drivers/Core/Inc" -I"/home/jonatan/FIUBA/uC/Practicas/P4_1 _FSM_DEBOUNCE/Drivers/API/Inc" -I"/home/jonatan/FIUBA/uC/Practicas/P4_1 _FSM_DEBOUNCE/Drivers/API/Src" -I"/home/jonatan/FIUBA/uC/Practicas/P4_1 _FSM_DEBOUNCE/Drivers/STM32F4xx_HAL_Driver/Inc" -O0 -ffunction-sections -fdata-sections -Wall -fstack-usage -MMD -MP -MF"Drivers/CMSIS/system_stm32f4xx.d" -MT"Drivers/CMSIS/system_stm32f4xx.o" --specs=nano.specs -mfpu=fpv4-sp-d16 -mfloat-abi=hard -mthumb -o "Drivers/CMSIS/system_stm32f4xx.o"
arm-none-eabi-gcc "../Drivers/BSP/STM32F4xx_BlackPill/smt32f4xx_blackpill.c" -mcpu=cortex-m4 -std=gnu11 -g3 -DDEBUG -DUSE_HAL_DRIVER -DSTM32F411xE -c -I../Inc -I"/home/jonatan/FIUBA/uC/Practicas/P4_1 _FSM_DEBOUNCE/Drivers/CMSIS/Include" -I"/home/jonatan/FIUBA/uC/Practicas/P4_1 _FSM_DEBOUNCE/Drivers/CMSIS/Device/ST/STM32F4xx/Include" -I"/home/jonatan/FIUBA/uC/Practicas/P4_1 _FSM_DEBOUNCE/Drivers/BSP/STM32F4xx_BlackPill" -I"/home/jonatan/FIUBA/uC/Practicas/P4_1 _FSM_DEBOUNCE/Drivers/Core/Inc" -I"/home/jonatan/FIUBA/uC/Practicas/P4_1 _FSM_DEBOUNCE/Drivers/API/Inc" -I"/home/jonatan/FIUBA/uC/Practicas/P4_1 _FSM_DEBOUNCE/Drivers/API/Src" -I"/home/jonatan/FIUBA/uC/Practicas/P4_1 _FSM_DEBOUNCE/Drivers/STM32F4xx_HAL_Driver/Inc" -O0 -ffunction-sections -fdata-sections -Wall -fstack-usage -MMD -MP -MF"Drivers/BSP/STM32F4xx_BlackPill/smt32f4xx_blackpill.d" -MT"Drivers/BSP/STM32F4xx_BlackPill/smt32f4xx_blackpill.o" --specs=nano.specs -mfpu=fpv4-sp-d16 -mfloat-abi=hard -mthumb -o "Drivers/BSP/STM32F4xx_BlackPill/smt32f4xx_blackpill.o"
arm-none-eabi-gcc "../Drivers/API/Src/API_delay.c" -mcpu=cortex-m4 -std=gnu11 -g3 -DDEBUG -DUSE_HAL_DRIVER -DSTM32F411xE -c -I../Inc -I"/home/jonatan/FIUBA/uC/Practicas/P4_1 _FSM_DEBOUNCE/Drivers/CMSIS/Include" -I"/home/jonatan/FIUBA/uC/Practicas/P4_1 _FSM_DEBOUNCE/Drivers/CMSIS/Device/ST/STM32F4xx/Include" -I"/home/jonatan/FIUBA/uC/Practicas/P4_1 _FSM_DEBOUNCE/Drivers/BSP/STM32F4xx_BlackPill" -I"/home/jonatan/FIUBA/uC/Practicas/P4_1 _FSM_DEBOUNCE/Drivers/Core/Inc" -I"/home/jonatan/FIUBA/uC/Practicas/P4_1 _FSM_DEBOUNCE/Drivers/API/Inc" -I"/home/jonatan/FIUBA/uC/Practicas/P4_1 _FSM_DEBOUNCE/Drivers/API/Src" -I"/home/jonatan/FIUBA/uC/Practicas/P4_1 _FSM_DEBOUNCE/Drivers/STM32F4xx_HAL_Driver/Inc" -O0 -ffunction-sections -fdata-sections -Wall -fstack-usage -MMD -MP -MF"Drivers/API/Src/API_delay.d" -MT"Drivers/API/Src/API_delay.o" --specs=nano.specs -mfpu=fpv4-sp-d16 -mfloat-abi=hard -mthumb -o "Drivers/API/Src/API_delay.o"
arm-none-eabi-gcc -o "P4_1 _FSM_DEBOUNCE.elf" @"objects.list"   -mcpu=cortex-m4 -T"/home/jonatan/FIUBA/uC/Practicas/P4_1 _FSM_DEBOUNCE/STM32F411CEUX_FLASH.ld" --specs=nosys.specs -Wl,-Map="P4_1 _FSM_DEBOUNCE.map" -Wl,--gc-sections -static --specs=nano.specs -mfpu=fpv4-sp-d16 -mfloat-abi=hard -mthumb -Wl,--start-group -lc -lm -Wl,--end-group
Finished building target: P4_1 _FSM_DEBOUNCE.elf
 
arm-none-eabi-size   P4_1\ _FSM_DEBOUNCE.elf 
arm-none-eabi-objdump -h -S  P4_1\ _FSM_DEBOUNCE.elf  > "P4_1 _FSM_DEBOUNCE.list"
arm-none-eabi-objcopy  -O ihex  P4_1\ _FSM_DEBOUNCE.elf  "P4_1 _FSM_DEBOUNCE.hex"
   text	   data	    bss	    dec	    hex	filename
   6540	     36	   1588	   8164	   1fe4	P4_1 _FSM_DEBOUNCE.elf
Finished building: default.size.stdout
 
Finished building: P4_1 _FSM_DEBOUNCE.hex
 
Finished building: P4_1 _FSM_DEBOUNCE.list
 

00:57:32 Build Finished. 0 errors, 0 warnings. (took 872ms)

