00:07:38 **** Incremental Build of configuration Debug for project P4_1_FSM_DEBOUNCE ****
make -j8 all 
arm-none-eabi-gcc "../Src/main.c" -mcpu=cortex-m4 -std=gnu11 -g3 -DDEBUG -DUSE_HAL_DRIVER -DSTM32F411xE -c -I../Inc -I"/home/jonatan/FIUBA/uC/Practicas/P4_1_FSM_DEBOUNCE/Drivers/CMSIS/Include" -I"/home/jonatan/FIUBA/uC/Practicas/P4_1_FSM_DEBOUNCE/Drivers/CMSIS/Device/ST/STM32F4xx/Include" -I"/home/jonatan/FIUBA/uC/Practicas/P4_1_FSM_DEBOUNCE/Drivers/BSP/STM32F4xx_BlackPill" -I"/home/jonatan/FIUBA/uC/Practicas/P4_1_FSM_DEBOUNCE/Drivers/Core/Inc" -I"/home/jonatan/FIUBA/uC/Practicas/P4_1_FSM_DEBOUNCE/Drivers/API/Inc" -I"/home/jonatan/FIUBA/uC/Practicas/P4_1_FSM_DEBOUNCE/Drivers/API/Src" -I"/home/jonatan/FIUBA/uC/Practicas/P4_1_FSM_DEBOUNCE/Drivers/STM32F4xx_HAL_Driver/Inc" -O0 -ffunction-sections -fdata-sections -Wall -fstack-usage -MMD -MP -MF"Src/main.d" -MT"Src/main.o" --specs=nano.specs -mfpu=fpv4-sp-d16 -mfloat-abi=hard -mthumb -o "Src/main.o"
arm-none-eabi-gcc -o "P4_1_FSM_DEBOUNCE.elf" @"objects.list"   -mcpu=cortex-m4 -T"/home/jonatan/FIUBA/uC/Practicas/P4_1_FSM_DEBOUNCE/STM32F411CEUX_FLASH.ld" --specs=nosys.specs -Wl,-Map="P4_1_FSM_DEBOUNCE.map" -Wl,--gc-sections -static --specs=nano.specs -mfpu=fpv4-sp-d16 -mfloat-abi=hard -mthumb -Wl,--start-group -lc -lm -Wl,--end-group
Finished building target: P4_1_FSM_DEBOUNCE.elf
 
arm-none-eabi-size   P4_1_FSM_DEBOUNCE.elf 
arm-none-eabi-objdump -h -S  P4_1_FSM_DEBOUNCE.elf  > "P4_1_FSM_DEBOUNCE.list"
arm-none-eabi-objcopy  -O ihex  P4_1_FSM_DEBOUNCE.elf  "P4_1_FSM_DEBOUNCE.hex"
   text	   data	    bss	    dec	    hex	filename
   6548	     36	   1588	   8172	   1fec	P4_1_FSM_DEBOUNCE.elf
Finished building: default.size.stdout
 
Finished building: P4_1_FSM_DEBOUNCE.hex
 
Finished building: P4_1_FSM_DEBOUNCE.list
 

00:07:38 Build Finished. 0 errors, 0 warnings. (took 420ms)

